
> build
> vite build

[36mvite v5.4.21 [32mbuilding for production...[36m[39m
transforming...
[32mΓ£ô[39m 54 modules transformed.
rendering chunks...
computing gzip size...
[2mpublic/build/[22m[32mmanifest.json            [39m[1m[2m 0.27 kB[22m[1m[22m[2m Γöé gzip:  0.15 kB[22m
[2mpublic/build/[22m[35massets/app-B7SKvKku.css  [39m[1m[2m50.68 kB[22m[1m[22m[2m Γöé gzip:  8.53 kB[22m
[2mpublic/build/[22m[36massets/app-C6cLCP43.js   [39m[1m[2m83.10 kB[22m[1m[22m[2m Γöé gzip: 30.91 kB[22m
[32mΓ£ô built in 2.98s[39m
